No contracts to compile

Running Solidity tests


Running node:test tests

  deployment admission fixture
    ✔ captures a direct deployment with pinned runtime and constructor (882ms)

  GlobalNamedAcquirerToy finite-world bridge
    ✔ requires the named buyer, exact five-ether prefunding, and one opening
    ✔ rejects zero commitments and non-separated constructor identities
    ✔ rejects outsider, wrong share, and replay
    ✔ binds usable output to both accepted shares in either order
    ✔ creates exact two- and three-ether member credits with no buyer credit
    ✔ permits only member withdrawals and never returns value to the buyer

  OverlappingPoolEscrow residual-price fixture
    ✔ checks the complete 117-by-35 discrete state-set grid (1146ms)
    ✔ accepts exactly 117 of the 2,187 integer credit states (2073ms)
    ✔ realizes the exact four-unit minimizing execution
    ✔ enforces controller/member separation from the acquisition payer
    ✔ rejects cap violations, fractional credits, and duplicate sets

  PrefundedThresholdExchange positive bridge
    ✔ requires exact buyer prefunding and a registry-approved threshold set
    ✔ rejects buyer-as-member, duplicate members, and zero payment
    ✔ rejects outsider, invalid proof, and replay
    ✔ successful acquisition implies the exact prefunded outflow and member credits
    ✔ contains no buyer cancellation or refund entry and only members withdraw credits

  receipt-gated threshold bridge capture
    ✔ records a real successful OPE receipt and a real underpayment revert


18 passing (18 nodejs)
